// Jest Snapshot v1, https://goo.gl/fbAQLP

exports[`Card Grid When loading the component renders the app as expected 1`] = `
<div
  className="card-grid__container container"
  data-testid="card-grid"
/>
`;
